3
#
6
#
9
#
10